Search results:

Solution 1:
V:K -->
[ Thursday , ( Saturday , ( Thursday , .Exps ) ) ]
