Search results:

Solution 1:
V:K -->
[ 10 , ( 11 , ( 12 , ( 13 , ( 14 , .Exps ) ) ) ) ]
