Search results:

Solution 1:
V:K -->
[ 7 , ( 8 , ( 9 , .Exps ) ) ]
Solution 2:
V:K -->
[ 7 , ( 9 , ( 8 , .Exps ) ) ]
Solution 3:
V:K -->
[ 8 , ( 8 , ( 9 , .Exps ) ) ]
Solution 4:
V:K -->
[ 8 , ( 9 , ( 8 , .Exps ) ) ]
Solution 5:
V:K -->
[ 9 , ( 8 , ( 9 , .Exps ) ) ]
Solution 6:
V:K -->
[ 9 , ( 9 , ( 8 , .Exps ) ) ]
