Search results:

Solution 1:
V:K -->
fun ( ( Nothing -> 7 ) | .TypeCases )
