Search results:

Solution 1:
V:K -->
fun ( ( x -> ( ( fun ( ( [ y , .Exps ] -> y ) | .TypeCases ) ) [ x , .Exps ] ) ) | .TypeCases )
