Search results:

Solution 1:
Store:Map -->
1 |-> 11
Out:String -->
"x = 11\n"
Solution 2:
Store:Map -->
1 |-> 11
Out:String -->
"x = 23\n"
Solution 3:
Store:Map -->
1 |-> 11
Out:String -->
"x = 33\n"
Solution 4:
Store:Map -->
1 |-> 16
Out:String -->
"x = 16\n"
Solution 5:
Store:Map -->
1 |-> 16
Out:String -->
"x = 23\n"
Solution 6:
Store:Map -->
1 |-> 16
Out:String -->
"x = 33\n"
Solution 7:
Store:Map -->
1 |-> 21
Out:String -->
"x = 11\n"
Solution 8:
Store:Map -->
1 |-> 21
Out:String -->
"x = 21\n"
Solution 9:
Store:Map -->
1 |-> 21
Out:String -->
"x = 23\n"
Solution 10:
Store:Map -->
1 |-> 33
Out:String -->
"x = 11\n"
Solution 11:
Store:Map -->
1 |-> 33
Out:String -->
"x = 23\n"
Solution 12:
Store:Map -->
1 |-> 33
Out:String -->
"x = 33\n"
