Search results:

Solution 1:
T:Type -->
bool -> bool
