Search results:

Solution 1:
V:K -->
closure ( $exit |-> #symNat(1) x |-> #symNat(3) , y , (x y) )
