Search results:

Solution 1:
V:K -->
a ~> HOLE (((lambda x . (lambda y . x)) y) z) ~> env ( .Map )
