Trying to break from within a function ...
... and, wrongly, succeeding.
