i = 1
-1
i = 2
i = 3
-3
i = 4
i = 5
-5
i = 6
i = 7
-7
i = 8
i = 9
-9
i = 10
i = 11
-11
i = 12
i = 13
-13
i = 14
i = 15
-15
i = 16
i = 17
-17
final i = 17
