[33m<T>
    [0m[32m<k>
        [0m{ }[32m
    </k>[0m
    [31m<state>
        [0mn |-> 0
        sum |-> 5050[31m
    </state>[0m[33m
</T>[0m
