<T> <k> print ( "x = " , .AExps ) ; ~> ( x = read ( ) ; ) ~> ( spawn x = x / 2 ; ) ~> ( spawn x = x + 10 ; ) ~> print ( x , ( "\n" , .AExps ) ) ; </k> <state> x |-> 0 </state> </T>
