<T> <k> print ( "Add numbers up to (<= 0 to quit)? " , .AExps ) ; ~> ( n = read ( ) ; ) ~> ( if ( n <= 0 ) { halt ; } else { s = 0 ; while ( ! ( n <= 0 ) ) { s = s + n ; n = n + -1 ; } print ( "Sum = " , ( s , ( "\n" , .AExps ) ) ) ; } ) ~> while ( true ) { print ( "Add numbers up to (<= 0 to quit)? " , .AExps ) ; n = read ( ) ; if ( n <= 0 ) { halt ; } else { s = 0 ; while ( ! ( n <= 0 ) ) { s = s + n ; n = n + -1 ; } print ( "Sum = " , ( s , ( "\n" , .AExps ) ) ) ; } } </k> <state> s |-> 0 n |-> 0 </state> </T>
