Search results:

Solution 1:
T:Type -->
( V0 -> V1 ) -> ( V0 -> V1 )
