Search results:

Solution 1:
<T> <threads> <thread> <k> ( 3 / 0 ) ~> #freezer_=_0 ( y ) ~> #freezer_;0 ( ) ~> .Stmts </k> <env> x |-> 1 y |-> 2 </env> <id> 0 </id> </thread> </threads> <store> 1 |-> 3 2 |-> 0 </store> <in> ListItem ( #buffer ( "" ) ) ListItem ( "off" ) ListItem ( #istream ( 0 ) ) </in> <out> ListItem ( #ostream ( 1 ) ) ListItem ( "off" ) ListItem ( #buffer ( "" ) ) </out> </T>
Solution 2:
<T> <threads> <thread> <k> . </k> <env> x |-> 1 y |-> 2 </env> <id> 0 </id> </thread> </threads> <store> 1 |-> 3 2 |-> 0 </store> <in> ListItem ( #buffer ( "" ) ) ListItem ( "off" ) ListItem ( #istream ( 0 ) ) </in> <out> ListItem ( #ostream ( 1 ) ) ListItem ( "off" ) ListItem ( #buffer ( "" ) ) </out> </T>
Solution 3:
<T> <threads> <thread> <k> . </k> <env> x |-> 1 y |-> 2 </env> <id> 0 </id> </thread> </threads> <store> 1 |-> 3 2 |-> 1 </store> <in> ListItem ( #buffer ( "" ) ) ListItem ( "off" ) ListItem ( #istream ( 0 ) ) </in> <out> ListItem ( #ostream ( 1 ) ) ListItem ( "off" ) ListItem ( #buffer ( "" ) ) </out> </T>
Solution 4:
<T> <threads> <thread> <k> . </k> <env> x |-> 1 y |-> 2 </env> <id> 0 </id> </thread> </threads> <store> 1 |-> 3 2 |-> 2 </store> <in> ListItem ( #buffer ( "" ) ) ListItem ( "off" ) ListItem ( #istream ( 0 ) ) </in> <out> ListItem ( #ostream ( 1 ) ) ListItem ( "off" ) ListItem ( #buffer ( "" ) ) </out> </T>
Solution 5:
<T> <threads> <thread> <k> . </k> <env> x |-> 1 y |-> 2 </env> <id> 0 </id> </thread> </threads> <store> 1 |-> 3 2 |-> 3 </store> <in> ListItem ( #buffer ( "" ) ) ListItem ( "off" ) ListItem ( #istream ( 0 ) ) </in> <out> ListItem ( #ostream ( 1 ) ) ListItem ( "off" ) ListItem ( #buffer ( "" ) ) </out> </T>
