Search results:

Solution 1:
Out:String -->
"x = 11\n"
Solution 2:
Out:String -->
"x = 16\n"
Solution 3:
Out:String -->
"x = 21\n"
Solution 4:
Out:String -->
"x = 33\n"
