Search results:

Solution 1:
Solution:Map -->
"R" |-> 120
