Search results:

Solution 1:
Solution:Map -->
"L" |-> [ 1 | ([ 2 | ([ 3 | ([ X | ([ .List{","} ]) ]) ]) ]) ]
"X" |-> X

Solution 2:
Solution:Map -->
"L" |-> [ 1 | ([ 2 | ([ X | ([ 3 | ([ .List{","} ]) ]) ]) ]) ]
"X" |-> X

Solution 3:
Solution:Map -->
"L" |-> [ 1 | ([ X | ([ 2 | ([ 3 | ([ .List{","} ]) ]) ]) ]) ]
"X" |-> X

Solution 4:
Solution:Map -->
"L" |-> [ X | ([ 1 | ([ 2 | ([ 3 | ([ .List{","} ]) ]) ]) ]) ]
"X" |-> X
