Search results:

Solution 1:
Solution:Map -->
"L" |-> [ 3 | ([ 2 | ([ 1 | ([ .List{","} ]) ]) ]) ]
