Search results:

Solution 1:
Solution:Map -->
"L" |-> '_`(_`)(cons,, #symVariable(6), (cons ( (#symVariable(15), (cons ( (
  #symVariable(15), (cons ( (#symVariable(6), (nil ( .Vals ))) ))) ))) )))

Solution 2:
Solution:Map -->
"L" |-> '_`(_`)(cons,, #symVariable(6), (cons ( (#symVariable(15), (cons ( (
  #symVariable(6), (nil ( .Vals ))) ))) )))

Solution 3:
Solution:Map -->
"L" |-> '_`(_`)(cons,, #symVariable(6), (cons ( (#symVariable(6), (nil ( .Vals
   ))) )))

Solution 4:
Solution:Map -->
"L" |-> '_`(_`)(cons,, #symVariable(6), (nil ( .Vals )))

Solution 5:
Solution:Map -->
"L" |-> '_`(_`)(nil,, .List{","})
