Search results:

Solution 1:
Solution:Map -->
"L" |-> '_`(_`)(cons,, (c ( .List{","} )), (cons ( ((b ( .Vals )), (cons ( ((a
   ( .Vals )), (nil ( .Vals ))) ))) )))
