Search results:

Solution 1:
Solution:Map -->
"A" |-> A
"B" |-> B
"C" |-> A
