Search results:

Solution 1:
V:K -->
int --> (#symType(10)) --> (#symType(10))
