Search results:

Solution 1:
V:K -->
(SS (KK ((SS ((SS (KK SS)) ((SS (KK KK)) ((SS KK) KK)))) ((SS ((SS (KK SS)) (
  KK KK))) (KK KK))))) ((SS KK) KK)
