Search results:

Solution 1:
V:K -->
(SS (KK y)) (KK z)
