1 100 100 1 2 2

==========
Statistics
==========

Objects created:
   Main |-> 1
   C1 |-> 1
   C2 |-> 1

Methods invoked:
   Main.Main |-> 1
   C1.C1 |-> 1
   C1.m1 |-> 2
   C1.m2 |-> 2
   C1.m3 |-> 2
   C2.C2 |-> 1
   C2.m2 |-> 2
