<T> <k> . </k> <env> z |-> 10 i |-> 1 y |-> 9 x |-> 8 t |-> 7 s |-> 6 r |-> 5 q |-> 4 n |-> 3 m |-> 2 </env> <store> 1 |-> 2 2 |-> 10 3 |-> 11 4 |-> 0 5 |-> 1 6 |-> 4 7 |-> 0 8 |-> 0 9 |-> 20 10 |-> 10 </store> </T>
