Search results:

Solution 1:
<T> <k> ( 3 / 0 ) ~> #freezer_=_;0 ( y ) </k> <env> x |-> 1 y |-> 2 </env> <store> 1 |-> 3 2 |-> 0 </store> <in> ListItem ( #buffer ( "" ) ) ListItem ( "off" ) ListItem ( #istream ( 0 ) ) </in> <out> ListItem ( #ostream ( 1 ) ) ListItem ( "off" ) ListItem ( #buffer ( "" ) ) </out> </T>
Solution 2:
<T> <k> . </k> <env> x |-> 1 y |-> 2 </env> <store> 1 |-> 3 2 |-> 0 </store> <in> ListItem ( #buffer ( "" ) ) ListItem ( "off" ) ListItem ( #istream ( 0 ) ) </in> <out> ListItem ( #ostream ( 1 ) ) ListItem ( "off" ) ListItem ( #buffer ( "" ) ) </out> </T>
Solution 3:
<T> <k> . </k> <env> x |-> 1 y |-> 2 </env> <store> 1 |-> 3 2 |-> 1 </store> <in> ListItem ( #buffer ( "" ) ) ListItem ( "off" ) ListItem ( #istream ( 0 ) ) </in> <out> ListItem ( #ostream ( 1 ) ) ListItem ( "off" ) ListItem ( #buffer ( "" ) ) </out> </T>
Solution 4:
<T> <k> . </k> <env> x |-> 1 y |-> 2 </env> <store> 1 |-> 3 2 |-> 2 </store> <in> ListItem ( #buffer ( "" ) ) ListItem ( "off" ) ListItem ( #istream ( 0 ) ) </in> <out> ListItem ( #ostream ( 1 ) ) ListItem ( "off" ) ListItem ( #buffer ( "" ) ) </out> </T>
Solution 5:
<T> <k> . </k> <env> x |-> 1 y |-> 2 </env> <store> 1 |-> 3 2 |-> 3 </store> <in> ListItem ( #buffer ( "" ) ) ListItem ( "off" ) ListItem ( #istream ( 0 ) ) </in> <out> ListItem ( #ostream ( 1 ) ) ListItem ( "off" ) ListItem ( #buffer ( "" ) ) </out> </T>
