Search results:

Solution 1:
V:K -->
a ( ( lambda x . lambda y . x ) y z )
