Search results:

Solution 1:
Solution:Map -->
X:Term |-> david A:Term |-> jim B:Term |-> john

Solution 2:
Solution:Map -->
X:Term |-> david A:Term |-> nathan B:Term |-> john

Solution 3:
Solution:Map -->
X:Term |-> david A:Term |-> steve B:Term |-> john

Solution 4:
Solution:Map -->
X:Term |-> jim A:Term |-> nathan B:Term |-> david

Solution 5:
Solution:Map -->
X:Term |-> jim A:Term |-> nathan B:Term |-> john

Solution 6:
Solution:Map -->
X:Term |-> jim A:Term |-> steve B:Term |-> david

Solution 7:
Solution:Map -->
X:Term |-> jim A:Term |-> steve B:Term |-> john

Solution 8:
Solution:Map -->
X:Term |-> steve A:Term |-> nathan B:Term |-> david

Solution 9:
Solution:Map -->
X:Term |-> steve A:Term |-> nathan B:Term |-> jim

Solution 10:
Solution:Map -->
X:Term |-> steve A:Term |-> nathan B:Term |-> john

