Search results:

Solution 1:
Solution:Map -->
L:Term |-> ( cons ( V0 , ( cons ( V0 , ( nil , .Terms ) ) , .Terms ) ) )

Solution 2:
Solution:Map -->
L:Term |-> ( cons ( V0 , ( cons ( V1 , ( cons ( V0 , ( nil , .Terms ) ) , .Terms ) ) , .Terms ) ) )

Solution 3:
Solution:Map -->
L:Term |-> ( cons ( V0 , ( cons ( V1 , ( cons ( V1 , ( cons ( V0 , ( nil , .Terms ) ) , .Terms ) ) , .Terms ) ) , .Terms ) ) )

Solution 4:
Solution:Map -->
L:Term |-> ( cons ( V0 , ( nil , .Terms ) ) )

Solution 5:
Solution:Map -->
L:Term |-> nil

