Search results:

Solution 1:
K:K -->
.K
S:String -->
"10"

Solution 2:
K:K -->
.K
S:String -->
"11"

Solution 3:
K:K -->
.K
S:String -->
"20"

Solution 4:
K:K -->
.K
S:String -->
"23"

Solution 5:
K:K -->
.K
S:String -->
"30"

Solution 6:
K:K -->
.K
S:String -->
"32"
