Search results:

Solution 1:
K:K -->
.K
S:String -->
"123"

Solution 2:
K:K -->
.K
S:String -->
"132"

Solution 3:
K:K -->
.K
S:String -->
"213"

Solution 4:
K:K -->
.K
S:String -->
"231"

Solution 5:
K:K -->
.K
S:String -->
"312"

Solution 6:
K:K -->
.K
S:String -->
"321"
