[33m<T>
    [0m[32m<k>
        [0m.K[32m
    </k>[0m
    [31m<state>
        [0mm |-> 2
        n |-> 1
        q |-> 1
        r |-> 3
        s |-> 66[31m
    </state>[0m[33m
</T>[0m
