<T> <k> stmt </k> <tenv> x |-> int y |-> int </tenv> </T>
