<T> <k> stmt </k> <tenv> n |-> int sum |-> int </tenv> </T>
