Search results:

Solution 1:
V:K -->
32

Solution 2:
V:K -->
33
